<html>
<body>
<pre>
<h1>킮ision Build Log</h1>
<h2>Tool Versions:</h2>
IDE-Version: μVision V5.26.2.0
Copyright (C) 2018 ARM Ltd and ARM Germany GmbH. All rights reserved.
License Information: SeokAM Moon, CBNU, LIC=----
 
Tool Versions:
Toolchain:       MDK-Lite  Version: 5.26.2.0
Toolchain Path:  C:\Keil_v5\ARM\ARMCC\Bin
C Compiler:      Armcc.exe V5.06 update 6 (build 750)
Assembler:       Armasm.exe V5.06 update 6 (build 750)
Linker/Locator:  ArmLink.exe V5.06 update 6 (build 750)
Library Manager: ArmAr.exe V5.06 update 6 (build 750)
Hex Converter:   FromElf.exe V5.06 update 6 (build 750)
CPU DLL:         SARMCM3.DLL V5.26.2.0
Dialog DLL:      DARMP1.DLL V1.27.0.0
Target DLL:      UL2CM3.DLL V1.161.6.0
Dialog DLL:      TARMP1.DLL V1.26.0.0
 
<h2>Project:</h2>
C:\Users\Seokam\Desktop\UniversityLife\2019\마프\마프 다운로드 자료\ARM_CortexM3_NXP_2.0\source_code\Example\Mafia\Mafia.uvprojx
Project File Date:  06/10/2019

<h2>Output:</h2>
*** Using Compiler 'V5.06 update 6 (build 750)', folder: 'C:\Keil_v5\ARM\ARMCC\Bin'
Rebuild target 'Mafia'
assembling startup_LPC17xx.s...
compiling system_LPC17xx.c...
compiling lpc17xx_exti.c...
compiling lpc17xx_gpio.c...
compiling lpc17xx_pinsel.c...
compiling core_cm3.c...
compiling LPC1768_utility.c...
Lib\Drivers\source\LPC1768_utility.c(75): warning:  #61-D: integer operation result is out of range
  			GPIO_SetDir(GPIO_PORT_1, (1<<28) | (1<<29) | (1<<31), OUTPUT); 
Lib\Drivers\source\LPC1768_utility.c(126): warning:  #61-D: integer operation result is out of range
  			GPIO_SetValue(GPIO_PORT_1, (1<<28) | (1<<29) | (1<<31));
Lib\Drivers\source\LPC1768_utility.c: 2 warnings, 0 errors
compiling main.c...
main.c(3): warning:  #1-D: last line of file ends without a newline
  }
main.c: 1 warning, 0 errors
compiling GLCD.c...
linking...
Program Size: Code=636 RO-data=448 RW-data=0 ZI-data=608  
FromELF: creating hex file...
".\Objects\Mafia.axf" - 0 Error(s), 3 Warning(s).

<h2>Software Packages used:</h2>

Package Vendor: Keil
                http://www.keil.com/pack/Keil.LPC1700_DFP.2.5.0.pack
                Keil.LPC1700_DFP.2.5.0
                NXP LPC1700 Series Device Support, Drivers and Examples for MCB1700 and LPC1788-32

<h2>Collection of Component include folders:</h2>
  .\RTE\_Mafia
  C:\Keil_v5\ARM\PACK\Keil\LPC1700_DFP\2.5.0\Device\Include

<h2>Collection of Component Files used:</h2>
Build Time Elapsed:  00:00:02
</pre>
</body>
</html>
